
	FONT "HeaderFont" { NAME "Arial" HEIGHT 12 BOLD }
	FONT "LabelFont" { NAME "Arial" HEIGHT 10 BOLD }
	FONT "PropertyFont" { NAME "Arial" HEIGHT 10 }
	FONT "FooterFont" { NAME "Arial" HEIGHT 8 }
	SETTING { HEADERFONT "HeaderFont" }
	SETTING { LEGENDFONT "LabelFont" }
	SETTING { FONT "PropertyFont" }
	SETTING { TRAILERFONT "FooterFont" }
	SETTING { IGNORECASE }

REPORT "Outcomes"
DESCRIPT "Exchanges all the Outcomes in the municipal model"
ID 34715
{
	SETTING { DECIMALSEPARATOR "." }
	SETTING { LISTSEPARATOR "," }
	SETTING { MEASUREMENT ENGLISH }
	SETTING { PAGESIZE -1", 0.00 }
	SETTING { REPORTFORMAT 4 }
	SETTING { OUTPUTFILE "Outcomes.html" }
	SETTING { STYLESHEETFILE "C:\Program Files (x86)\IBM\Rational\System Architect Suite\System Architect\Reports\Stylesht\Default.xsl" }
	FIELD "GUID <-- GUID" { SOURCE PROPERTY "GUID" LENGTH 64 TYPE CHARACTER LEGEND "GUID" }
	FIELD "Description <-- Description" { SOURCE PROPERTY "Description" LENGTH 4074 TYPE MEMO LEGEND "Description" }
	TABULAR 1
	{
		SELECT "GUID <-- GUID", "Name", "Description <-- Description"
		WHERE Class = Definition
		WHERE "Type Number" = 151
		ORDERBY "Name"
	}
}
REPORT "Needs"
DESCRIPT "Exchanges all the Needs in the municipal model"
ID 18774
{
	SETTING { DECIMALSEPARATOR "." }
	SETTING { LISTSEPARATOR "," }
	SETTING { MEASUREMENT ENGLISH }
	SETTING { PAGESIZE -1", 0.00 }
	SETTING { REPORTFORMAT 4 }
	SETTING { OUTPUTFILE "Needs.html" }
	SETTING { STYLESHEETFILE "C:\Program Files (x86)\IBM\Rational\System Architect Suite\System Architect\Reports\Stylesht\Default.xsl" }
	FIELD "GUID <-- GUID" { SOURCE PROPERTY "GUID" LENGTH 64 TYPE CHARACTER LEGEND "GUID" }
	FIELD "Description <-- Description" { SOURCE PROPERTY "Description" LENGTH 4074 TYPE MEMO LEGEND "Description" }
	TABULAR 1
	{
		SELECT "GUID <-- GUID", "Name", "Description <-- Description"
		WHERE Class = Definition
		WHERE "Type Number" = 150
		ORDERBY "Name"
	}
}
REPORT "Projects"
DESCRIPT "Exchanges all the Projects in the municipal model"
ID 40793
{
	SETTING { DECIMALSEPARATOR "." }
	SETTING { LISTSEPARATOR "," }
	SETTING { MEASUREMENT ENGLISH }
	SETTING { PAGESIZE -1", 0.00 }
	SETTING { REPORTFORMAT 4 }
	SETTING { OUTPUTFILE "Projects.html" }
	SETTING { STYLESHEETFILE "C:\Program Files (x86)\IBM\Rational\System Architect Suite\System Architect\Reports\Stylesht\Default.xsl" }
	FIELD "GUID <-- GUID" { SOURCE PROPERTY "GUID" LENGTH 64 TYPE CHARACTER LEGEND "GUID" }
	FIELD "Description <-- Description" { SOURCE PROPERTY "Description" LENGTH 4074 TYPE MEMO LEGEND "Description" }
	FIELD "Project Type <-- Project Type" { SOURCE PROPERTY "Project Type" LENGTH 80 TYPE CHARACTER LEGEND "Project Type" }
	TABULAR 1
	{
		SELECT "GUID <-- GUID", "Name", "Description <-- Description", 
		       "Project Type <-- Project Type"
		WHERE Class = Definition
		WHERE "Type Number" = 154
		ORDERBY "Name"
	}
}
REPORT "Organization Units"
DESCRIPT "Returns all the Organization Units for SA/FP Profile"
ID 31547
{
	FONT "Font5" { NAME "Courier" HEIGHT 12 }
	SETTING { DECIMALSEPARATOR "." }
	SETTING { LISTSEPARATOR "," }
	SETTING { MEASUREMENT ENGLISH }
	SETTING { PAGESIZE -1", 0.00 }
	SETTING { HEADER 1 "Organization Units" }
	SETTING { REPORTFORMAT 4 }
	SETTING { OUTPUTFILE "Organization Units.html" }
	SETTING { STYLESHEETFILE "C:\Program Files (x86)\IBM\Rational\System Architect Suite\System Architect\Reports\Stylesht\Default.xsl" }
	FIELD "GUID <-- GUID" { SOURCE PROPERTY "GUID" LENGTH 64 TYPE CHARACTER LEGEND "GUID" }
	FIELD "Description <-- Description" { SOURCE PROPERTY "Description" LENGTH 4074 TYPE MEMO LEGEND "Description" }
	FIELD "Budget 1 <-- Budget 1" { SOURCE PROPERTY "Budget 1" LENGTH 10 TYPE NUMERIC LEGEND "Budget 1" }
	FIELD "Budget 2 <-- Budget 2" { SOURCE PROPERTY "Budget 2" LENGTH 10 TYPE NUMERIC LEGEND "Budget 2" }
	FIELD "Staff 1 <-- Staff 1" { SOURCE PROPERTY "Staff 1" LENGTH 10 TYPE NUMERIC LEGEND "Staff 1" }
	TABULAR 1
	{
		SELECT "Name" LEGENDFONT Font5, "GUID <-- GUID" LEGENDFONT Font5, 
		       "Description <-- Description" LEGENDFONT Font5, "Budget 1 <-- Budget 1" LEGENDFONT Font5, 
		       "Budget 2 <-- Budget 2" LEGENDFONT Font5, "Staff 1 <-- Staff 1"
		WHERE Class = Definition
		WHERE "Type Number" = 321
		ORDERBY "Name"
	}
}
REPORT "Goals"
DESCRIPT "Returns all the Business Goals for SA/FP Profile"
ID 40358
{
	SETTING { DECIMALSEPARATOR "." }
	SETTING { LISTSEPARATOR "," }
	SETTING { MEASUREMENT ENGLISH }
	SETTING { PAGESIZE -1", 0.00 }
	SETTING { REPORTFORMAT 4 }
	SETTING { OUTPUTFILE "Goals.html" }
	SETTING { STYLESHEETFILE "C:\Program Files (x86)\IBM\Rational\System Architect Suite\System Architect\Reports\Stylesht\Default.xsl" }
	FIELD "GUID <-- GUID" { SOURCE PROPERTY "GUID" LENGTH 64 TYPE CHARACTER LEGEND "GUID" }
	FIELD "Description <-- Description" { SOURCE PROPERTY "Description" LENGTH 4074 TYPE MEMO LEGEND "Description" }
	FIELD "Priority <-- Priority" { SOURCE PROPERTY "Priority" LENGTH 2 TYPE NUMERIC LEGEND "Priority" }
	TABULAR 1
	{
		SELECT "GUID <-- GUID", "Name", "Description <-- Description", 
		       "Priority <-- Priority"
		WHERE Class = Definition
		WHERE "Type Number" = 679
		ORDERBY "Name"
	}
}

REPORT "Target Groups"
DESCRIPT "Returns the target groups in the municipal model"
ID 39019
{
	SETTING { DECIMALSEPARATOR "." }
	SETTING { LISTSEPARATOR "," }
	SETTING { MEASUREMENT ENGLISH }
	SETTING { PAGESIZE -1", 0.00 }
	SETTING { REPORTFORMAT 4 }
	SETTING { OUTPUTFILE "targetGroups.htm" }
	SETTING { STYLESHEETFILE "C:\Program Files (x86)\IBM\Rational\System Architect Suite\System Architect\Reports\Stylesht\Default.xsl" }
	FIELD "GUID <-- GUID" { SOURCE PROPERTY "GUID" LENGTH 64 TYPE CHARACTER LEGEND "GUID" }
	FIELD "Description <-- Description" { SOURCE PROPERTY "Description" LENGTH 4074 TYPE MEMO LEGEND "Description" }
	FIELD "From Date <-- From Date" { SOURCE PROPERTY "From Date" LENGTH 10 TYPE DATE LEGEND "From Date" }
	FIELD "To Date <-- To Date" { SOURCE PROPERTY "To Date" LENGTH 10 TYPE DATE LEGEND "To Date" }
	TABULAR 1
	{
		SELECT "GUID <-- GUID", "Description <-- Description", "From Date <-- From Date", 
		       "Name", "To Date <-- To Date"
		WHERE Class = Definition
		WHERE "Type Number" = 155
	}
}
REPORT "Programs"
DESCRIPT "Exchanges all the Programs in the municipal model"
ID 37770
{
	FONT "Font5" { NAME "Courier" HEIGHT 12 }
	SETTING { DECIMALSEPARATOR "." }
	SETTING { LISTSEPARATOR "," }
	SETTING { MEASUREMENT ENGLISH }
	SETTING { PAGESIZE -1", 0.00 }
	SETTING { HEADER 1 "Programs" }
	SETTING { REPORTFORMAT 4 }
	SETTING { OUTPUTFILE "Programs.html" }
	SETTING { STYLESHEETFILE "C:\Program Files (x86)\IBM\Rational\System Architect Suite\System Architect\Reports\Stylesht\Default.xsl" }
	FIELD "GUID <-- GUID" { SOURCE PROPERTY "GUID" LENGTH 64 TYPE CHARACTER LEGEND "GUID" }
	FIELD "Description <-- Description" { SOURCE PROPERTY "Description" LENGTH 4074 TYPE MEMO LEGEND "Description" }
	FIELD "Program Type <-- Program Type" { SOURCE PROPERTY "Program Type" LENGTH 20 TYPE CHARACTER LEGEND "Program Type" }
	FIELD "Budget 1 <-- Budget 1" { SOURCE PROPERTY "Budget 1" LENGTH 10 TYPE NUMERIC LEGEND "Budget 1" }
	FIELD "Budget 2 <-- Budget 2" { SOURCE PROPERTY "Budget 2" LENGTH 10 TYPE NUMERIC LEGEND "Budget 2" }
	FIELD "Allocation 1 <-- Allocation 1" { SOURCE PROPERTY "Allocation 1" LENGTH 10 TYPE NUMERIC LEGEND "Allocation 1" }
	FIELD "Needs Category <-- Needs Category" { SOURCE PROPERTY "Needs Category" LENGTH 1200 TYPE MEMO LEGEND "Needs Category" }
	TABULAR 1
	{
		SELECT "Name" LEGENDFONT Font5, "GUID <-- GUID" LEGENDFONT Font5, 
		       "Description <-- Description" LEGENDFONT Font5, 
		       "Program Type <-- Program Type" LEGENDFONT Font5, 
		       "Budget 1 <-- Budget 1" LEGENDFONT Font5, "Budget 2 <-- Budget 2" LEGENDFONT Font5, 
		       "Allocation 1 <-- Allocation 1" LEGENDFONT Font5, 
		       "Needs Category <-- Needs Category"
		WHERE Class = Definition
		WHERE "Type Number" = 141
		ORDERBY "Name"
	}
}
REPORT "Services"
DESCRIPT "Exchanges all the Services in the municipal model"
ID 52528
{
	FONT "Font5" { NAME "Courier" HEIGHT 12 }
	SETTING { DECIMALSEPARATOR "." }
	SETTING { LISTSEPARATOR "," }
	SETTING { MEASUREMENT ENGLISH }
	SETTING { PAGESIZE -1", 0.00 }
	SETTING { HEADER 1 "Services" }
	SETTING { REPORTFORMAT 4 }
	SETTING { OUTPUTFILE "Services.html" }
	SETTING { STYLESHEETFILE "C:\Program Files (x86)\IBM\Rational\System Architect Suite\System Architect\Reports\Stylesht\Default.xsl" }
	FIELD "GUID <-- GUID" { SOURCE PROPERTY "GUID" LENGTH 64 TYPE CHARACTER LEGEND "GUID" }
	FIELD "Description <-- Description" { SOURCE PROPERTY "Description" LENGTH 4074 TYPE MEMO LEGEND "Description" }
	FIELD "Service Type <-- Service Type" { SOURCE PROPERTY "Service Type" LENGTH 20 TYPE CHARACTER LEGEND "Service Type" }
	FIELD "Needs Category <-- Needs Category" { SOURCE PROPERTY "Needs Category" LENGTH 1200 TYPE MEMO LEGEND "Needs Category" }
	TABULAR 1
	{
		SELECT "GUID <-- GUID" LEGENDFONT Font5, "Name" LEGENDFONT Font5, 
		       "Description <-- Description" LEGENDFONT Font5, 
		       "Service Type <-- Service Type" LEGENDFONT Font5, 
		       "Needs Category <-- Needs Category"
		WHERE Class = Definition
		WHERE "Type Number" = 142
		ORDERBY "GUID <-- GUID"
	}
}
